<img src="cache/images/vert_" border="0" usemap="#cache/images/vert_">
<map name="cache/images/vert_">
	<area shape="rect" coords="58,100,82,133" href="index.php?module=Accounts&action=ListView&from_homepagedb=true&type=dbrd&query=true&owner=Anne J&auml;rvel&auml;&viewname=4" alt="Organizations=%d" title="Organizations=%d">
	<area shape="rect" coords="122,127,146,133" href="index.php?module=Potentials&action=ListView&from_homepagedb=true&type=dbrd&query=true&owner=Anne J&auml;rvel&auml;&viewname=10" alt="Opportunities=%d" title="Opportunities=%d">
	<area shape="rect" coords="186,99,210,133" href="index.php?module=Contacts&action=ListView&from_homepagedb=true&type=dbrd&query=true&owner=Anne J&auml;rvel&auml;&viewname=7" alt="Contacts=%d" title="Contacts=%d">
	<area shape="rect" coords="250,49,274,133" href="index.php?module=Leads&action=ListView&from_homepagedb=true&type=dbrd&query=true&owner=Anne J&auml;rvel&auml;&viewname=1" alt="Leads=%d" title="Leads=%d">
	<area shape="rect" coords="314,127,338,133" href="index.php?module=Quotes&action=ListView&from_homepagedb=true&type=dbrd&query=true&owner=Anne J&auml;rvel&auml;&viewname=16" alt="Quotes=%d" title="Quotes=%d">
	<area shape="rect" coords="378,130,402,133" href="index.php?module=SalesOrder&action=ListView&from_homepagedb=true&type=dbrd&query=true&owner=Anne J&auml;rvel&auml;&viewname=26" alt="Sales Order=%d" title="Sales Order=%d">
	<area shape="rect" coords="442,51,466,133" href="index.php?module=Invoice&action=ListView&from_homepagedb=true&type=dbrd&query=true&owner=Anne J&auml;rvel&auml;&viewname=21" alt="Invoice=%d" title="Invoice=%d">
	<area shape="rect" coords="506,33,530,133" href="index.php?module=Calendar&action=ListView&from_homepagedb=true&type=dbrd&query=true&owner=Anne J&auml;rvel&auml;&viewname=19" alt="Calendar=%d" title="Calendar=%d">
</map>